argv_echo OK 474ab6ba290ab2fe14f99f603241aabf817acaacd7c93771bc126be5e0f5a4dc
bt_mem_reg SKIP-gcc-only
comctl32_class_reg SKIP-withdll
comctl32_imagelist SKIP-withdll
comctl32_ordinal SKIP-deffile
comctl32_progress SKIP-withdll
comctl_imagelist OK be0f3bd2fba3bf30aaf6402f39ae58c683899cef48dac764ea72842c87145113
comctl_loadbitmap SKIP-resource
console_cp OK 731c8afcba12090ae105c18b546ed93fed0213cc39bec1e58459a899d271898f
console_tty OK 0e0a24dd96fb61f3bf834a26bf5a77af93c17ce43da91ee3b4b1cc65d8b4193a
crt_assert OK 9160d4be34c8695bd172a76c7c7966587ea5a4d991ad22c87b2b91af54aa9ebb
crt_console_cluster OK 11f29f35783fb6a88dd3233178166f9d2389db6f9dd3acee7e2b5bd9113aeb9a
crt_console_cluster2 BUILD-FAIL
crt_controlfp OK 0823947b915d383b79b8f425510b2fb048d49b4e5949e83edc569f1a3d58010f
crt_ctime_fp OK 50070deab58e0ba704bc1190f8e9c8a57aa4dddc4261ad0229b1e29c507f4802
crt_ctype_table OK adfb6b69095b2cbb8f19bb27e09643e19fe2617f801e6fa88cee517cd568da33
crt_findfirst OK 6bd7ab29ecced437398d42dc3013eca904c8163d1a40fdb7927169868be5d9cf
crt_leftovers OK 1f1491fffdc1a09a075a85551881e22c96969194259bb0318390701bbf659763
crt_lwr_s OK 671ecdc2122deb61785d5a6a2629eea08c789bc67ee31fa8ad93946118c6c590
crt_mem_s SKIP-deffile
crt_ncpy_s OK 3db990676e0ac30bdc7f43dafdd06171358a56663b42beae764b3f4b08d02b4b
crt_nlen SKIP-deffile
crt_printf_i64 OK a9b289aa10edd553643603e18b753e81c2b9ec68eb94c2b4c48b4c7e43e2ffca
crt_secure_path OK 5f22ebc104c231eb246a1af5b82709820456457a5627be57760543dbdc61ca49
crt_snwprintf_s OK dde7ec224e6520b54c18660592aae6d20963811519af6746b8f4d4cbbad7377e
crt_sopen_leadbyte OK d84fb35aded8b1f2a069b6cd5df9a144d3fdfece6f06ad2c0bed0b5f9fffe6a9
crt_sscanf OK fe393b59fa149e231855e104c146e21fe82c2714c6e58ba832a75bf401718ffb
crt_stat OK 22b912f218914580243655d3d41022e82c62be984f91593e658f16425ea61acf
crt_stdin OK 7529ef1eb96693e21cdae0c7777b3644205ede868098c666c5cb47f352a201ea
crt_strcpy_s OK 862d6fc25b8b884349d2f1fb208ffbea7805267a2ee78ee7168e8b28dfdef8ef
crt_subprocess OK a411cdab47134b436e992a67e266a9bfbfa4a4eb7ca7913b4aa7d2fb14b5bc1c
crt_swprintf_s OK 77089aebac0a5d39ed521cbd75089ea2cfca640f1e9e801a040fcaec88d5ae5f
crt_swscanf OK 33000a57a802e42afb09e329dea81eeed70a720ebce66b3d84f64119c41d4cbb
crt_wcscat_s OK ebcd903943ee4e2663ded421dbe92c525f06a5968cba8becf480c4a4db89a75a
crt_wcscoll OK 0ddc22042e3706ffd5264ccdc6b8cfe8a5470dfaa56260cdb336ec209be83fa1
crt_wcsscan OK ea9e3ed018793e943eabb29d4c4adfde0cfd9e36553764ea0ea87d02f0aab224
crt_wideprintf OK 76aa82c626db152ebc900670b1b5e6eb0ab5da87b1a32b0da7161c5b1961c20e
crt_widestr OK 9690ac34c452314ceea9ff125d8e3e0284db70a0c5ded77d416fd3bd2a5f50b1
crt_wlocale OK 0d1d192208cca275563e4b786a7e5c89193441c5091e3bd7ccbbc847a1a24388
crt_wpath OK beb184a4d7ba4ee452e7cb7d8db00f610bd76e58b54c1e97922b2daee2725c41
crt_xcptfilter SKIP-deffile
ctype_str OK 304fb1dc03bdc12c3b8626f8d81c41ff89234a6d78d6629def0b80a3695a7887
dll_lifting SKIP-companion-dll
fileio OK f7531c1f3eabf95b91d88906923943decbcacdc30a2370c27606023aaf57222f
gdi_bitblt_rop OK 8abc11219bcea0aa386ba5822f7ab2dffe7eab137b213b232efd229eda5aa4f9
gdi_charsetinfo OK 1e519bab8e739e670d9f01e8ac08336686673c999e5bf7439beb1f071e4a03d6
gdi_cp1252 OK fcbf369961eb1aea431d0cb54c19caf0ca66226ae42c4ae5149d285deb54c9a9
gdi_dcstate OK a134316e2d84979a0caa0f29a853643f59d8c0a15154728da3d40d7385114c40
gdi_dib OK 4fbfade671d297a91cfc1fedbc31eeb6f933e8f1309f2af860c8dc9c5af4b59f
gdi_drawedge OK fe1c372a17f540409ed4690ec67b5220166b609caf44d826a5c07b71f8d9c473
gdi_drawedge_etched OK 0dc523e6eedf67ead4877da7ef0ec75fb656ad64c1cd57e7a13d2234d89ccfed
gdi_drawtext OK b61a0d54d4f4df014f8064e4f4026583ecd83681aa1d39ad6ddcac0727e14cfd
gdi_drawtext_amp OK 6431f9d7cd8218d143cade96a866a0a99d58332479290869e7e29a2b6e2ac5c6
gdi_drawtext_ml OK a29214c4d58067bf24087cd63b7f35c8ce6757c246601c0567c8f80716c8f7da
gdi_enumfonts OK b07e61dc5ca843722756c562ec230157f8babec8ec5a0ffc0768dd96418be0f1
gdi_exttextout OK cf82ac09db2290adcd3aa745ec6a800ffad13a75a77742c3e2d012f1c87f1d58
gdi_focusrect OK dc3d8d68a2437af0e8bcf25d8dca88b80c8577128292169292cb9a951fdfad72
gdi_framecontrol OK 731b7fe49ef4279ed5017af577eafcdbc2acfd88ec8dde87a4442f184d0db6b9
gdi_framecontrol_check OK aa7b9fc263a7901ff8240ac28b6a7f2eb1e1c226f75b518182c47e9ecfeb683e
gdi_framecontrol_radio OK a790bdd0add75725a635ec6501cbb31cc3e27ff389722af92ead7b7a2d7cb793
gdi_framerect OK 04ca4fa9cfe95c0cde8b287254db6e9aad2342a5550a5b71afad3fa2ad3fd27b
gdi_lineto OK 9118c30786ce62f89a5b375ba21e9852cbaa4fb30dc91953be6ed36c1e07dbde
gdi_mapmode OK f857c7da5904fa07af71650213433f1eef981d14acbc9e3a2e0bd9ea0fe45c6b
gdi_palette OK 59ee93150ade36fa0f8213e95ab17a8a5adfa48600d7456691c449805fa95970
gdi_polyline OK 3899887d93e53ee39f10e46fc8b52e333dabe1bd01bbbeb10fd5b8f14d315fb2
gdi_rectangle OK 857428c887c548a903cc7c7fe5c0e6f2f8ed510f38f6611272b89d2bdac411b6
gdi_tabbedtext OK c3f5ef45a8515de94b34db4bea5e9da6bf1a0bc80b3baa8e7b5dd3e1bf7876f0
gdi_textaa OK 9874de63e501a5821987388ef39040fe1af72494e48beb98784ebd1e7750f7cf
gdi_textalign OK 6f69cebcbcf3b48679f6c9be68f0f94b170aaf4ff77111ea5a48eb40bcd1ebee
gdi_textout OK 5fc244d9c83b23a3d21bbb0267194592803a118960e952aa2973d551f12afea8
gdi_textunicode OK 6c4e0dd76795c837b98708ad8f13a085004ac175e541869e73fdbae5f3636b6a
gdi_uifont OK e0e46c5941c94710b526d10d0a4d97d6a08264ad589639d69c925152ede155da
gdi_underline OK 98ae5a3f204255a6b1c551da3509529be2d43ff2764d3ab120aa52a75042de97
gui_paint_text SKIP-gui
interlocked OK 5093eea8f581ed04da45772be8a4e8420f349b3406128ecfeae98e1b38bee47c
lift_autolift SKIP-companion-dll
lift_fpocmp SKIP-companion-dll
lift_libgcc SKIP-deffile
lift_tlscb SKIP-companion-dll
lift_zlib SKIP-deffile
liftntreg SKIP-companion-dll
locale_cp OK afd02927de62cf5bc0a6acfe777331a6db7a8de1fcb559d54f20c28008a017d8
lz_decompress OK 62637c1ce61b4cca1e6ffff6874e49082fb7da2a2bac6c502591e0a4ea4b0ced
mallocs OK a6cfa75ad14df4a20b6cca55a381825007a9cfe0dcf50389eab42f795318aeef
math_more OK 40cd41f9cbbaa37bc5ccd84162ab915d5f051105e2a1f12017e78b250fcee7b6
mathfns OK 5aa8cea2243b425ce3218e2d274634cebff7dbae89f695a783128d63863b4779
ntdll_rtlstr BUILD-FAIL
ole_mlang SKIP-withdll
ole_mlang_activate OK be9103aa21d1e4c1f9e10a70c662e72425cc24650e4313cd1813c3131a621e69
ole_mlang_family OK f5ca3ae5b42c21b4fd30b0edac6cdbe6b91e32fe5dfe98c362324614e6629026
ole_mlang_getcpinfo OK 5d1592b5db4f287667c152492099604ea0bd38543ff19f9e193c982cb0c5ca6f
path_ops OK b0e448428b37a726b62c70188616dd393ef403f2b1f8408d12fe95be9fe79e0c
printf_fmt OK 9962535b3829eb0f39970ea5b8611938401974966204b41c67723b0e1d8e4014
qsort_bsearch OK 0b265b71b03986953713331396e79cb6a4026b0bb8d75ecd774914a4010b5186
rand_seq OK c179b8daf1555997e6432d64a6ecc724ebbb60425de14f40fd492dafb0a7c495
recov_epilog_ret SKIP-deffile
rep_strings OK 21f549e4f22ddedcb2897bd1c57ca5b50b4c80e145a50331719895b0367ba356
seh_handler4 SKIP-deffile
seh_hwfault SKIP-gcc-only
seh_raise SKIP-gcc-only
seh_unwind SKIP-gcc-only
shell_folders OK 25d41dce29f51405f7fa1448095ab63f70f66b17c22185c47468a17eb842002b
signed_magicdiv OK 8bed87cfa29c621ee7d89da465ff7a35df94a2e3b89f344d831b0592c08f11cf
sscanf_conv OK 1a25e953f7d730c114cab5508ece4285de6d154a31464c27271d0103dac17e8a
stdio_getc OK 4ebe88b657bd86be5c0800e2ed1e4b103bd43543aaafb1379722da2d4af3cd7f
stdio_more OK d77677e0062f96d57480f71ed4449efbb9e60f0963e18ab6e11b774264f6c4cf
stdlib_more OK c4aa8cf3a5dc34bf539844b82bd4c39cd0b82bf53e28709c38c8b23189545027
str_copy OK 2daa2205a1006e075e38e6ffa4f6edc4db613a5d5d61db8069e9ef540d3320cb
str_direction SKIP-gcc-only
str_more OK ece94332bbcc5dc71ac913ef26b3fce5db27adecdf2c046a79310743e9b3d7fe
str_repcmps SKIP-gcc-only
str_search OK 1271784b61e0d88ee724b8c1e89984ab1e253771d720995711232e955e6888be
str_time_interval OK 1b877f0d1c7e7c0017ac7b9839ceca7ddf59560878f5dc7fcce24aed97bf1bcd
strings OK 87b9c00d7bc4e7103fc144b3eeb93910c9f0176357d105eb59b0875bfbfa80f5
thread_critsec OK 8729da420ea2195fcf3d2675799f6e7006201dd728ae3869f99e6c7392786e0f
thread_event OK bb876063f9485b987baf3776c626073d0f19946f3def644024d810745a885fd3
thread_join OK 13488f78db6af45b8470ea6e07f21adb3c0cee989d8217fcbdcc003488d6802c
thread_mutex_sem OK c30221318d35f3b8bca95d85cab881d796bc5455633d4eacea7c089a7f309caa
thread_pool OK 9b11f110a504c8919fe356b12c40943ff9b239c1c317ccb890f1aaae9ffb975c
thread_pool2 OK bd252249120d4acf834a82c42b5a36676b67f2f20ca7e7e264914d0f1e976fa6
thread_srwlock OK 1a7c2fb80adfdcb1cfa8f2f6bef0aa8645a8ffc192280baf1485fb8224e74aab
time_fixed OK ce471f292dbaf4125a784215283c2eee50e379cc024134873ddb1f8ac5e78dae
tls_test OK c77f6b19be0943d6496ec44b6220645fc7a2488785717d6e6125424032972161
user32_bmsetcheck SKIP-gui
user32_button_paint SKIP-gui
user32_cbthook SKIP-gui
user32_classex SKIP-gui
user32_ctrl_focus_text SKIP-gui
user32_dbuffer SKIP-gui
user32_desktop OK 8848e8c5b90f6094962dde9514ab236f01e790a2971c4050e0c66e3fc0ec9873
user32_dialog SKIP-resource
user32_dlgcontrols SKIP-gui
user32_dlgfocus SKIP-gui
user32_dlgindirect SKIP-gui
user32_dlgitemmsg SKIP-gui
user32_dlgpaint SKIP-gui
user32_dlgradio SKIP-resource
user32_dlgunits SKIP-gui
user32_edit_paint SKIP-gui
user32_erasebg SKIP-gui
user32_focusmsg SKIP-gui
user32_getclassinfo OK 01d09de16ad5ad4ef3549fb705005d1f918e66006304c2d422c50b4d14be4de6
user32_getdlgcode SKIP-gui
user32_getwindow SKIP-gui
user32_helpers SKIP-gui
user32_isdlgmsg SKIP-gui
user32_listbox SKIP-gui
user32_menu SKIP-nodisplay
user32_menu2 SKIP-nodisplay
user32_messagebox SKIP-nodisplay
user32_msgwindow SKIP-gui
user32_msgwindow_a SKIP-gui
user32_ncm OK 7b7705c0fbbb7559aa50d35d8d7d96b0af9c98214347253b3809b76afb5f92e5
user32_paint SKIP-gui
user32_propmisc SKIP-gui
user32_resources SKIP-resource
user32_sdlwindow SKIP-gui
user32_spi OK 44092bf43c3d521b2578a2584c166e08f38491706cd441320480fd3eb1158c81
user32_spi_uieffects OK bd458c853ae9a780582cf84c8852c50d1bdafe3a0b99090bc34caed928f33830
user32_static_paint SKIP-gui
user32_subclass SKIP-gui
user32_winbatch SKIP-gui
user32_windowstate_a SKIP-gui
user32_wmcreate SKIP-gui
version_info SKIP-resource
wide_fileattr OK 1eb86f4b252b4c027c430dfd822445ee45616b31b30decc662ded20dcc5cd09e
wide_mbcs OK f5bc08ecfbe4a4200d5d9e01edca9c2dd6c2f6a2d17f71a2d41e1fbc5a64ec19
win16_file OK 5e29036e100f93bdf4577acf83e1e069adbbe0430f381b810620116461cd9d36
win32_atom OK 1ac64ebc6438045ff1877de144eea425e155ff4267922bed46f7d1778fc8d4f9
win32_capture_scroll SKIP-gui
win32_charoem OK 238e960064a97dad71daf90a105cd04248e1e15d1480eb6a4a3d84d3cca1f212
win32_comalloc OK 69f510ee3075344bf7dc4d8a02137a4a9da92c94c61c25bf93aecfb3789060eb
win32_console_ole OK 23e7d2c41a2312742adeb82341d0b3edf6117569ab72b29aa1f0f19859b76c69
win32_convlocale OK 614aa38f1724a0b1cee2d5fddf92afb035465af9d8902212ed344bca644e7f72
win32_createprocess OK 9271c336193bb0d5beeac87bc4bd9c1bad224937cfa705dd4cc4f85c9261aa43
win32_crtreg OK 4548cc3faa9e3aad7c4dd4bc53b77b215fffcc52d125794ebe78fed128d97ba0
win32_dde_ole SKIP-nodisplay
win32_dir OK f8ae117f4d6004ec630a1c76b89247677cdca5c14f29725b8026d432f9fb537c
win32_duphandle OK 52756fea5f62ec2cf46dcacd8cd2acf8c7e0264dfd811c2a6317e3fd64ae5f66
win32_enumreslang SKIP-resource
win32_env OK d7d7597e560adc74e09157290611f2aa63b8b9d6d41b7397c865f221a64ce59d
win32_file OK 53357eea976ed7ac3ba7871b2579484ea4c339753839056d2107e86164c779aa
win32_file_process OK 1d2fa46e3f3145bb7df43e4305b9d701df839646b2e8c420287195a2accca82c
win32_fileinfo OK 7a06bc8299a7b668b73ec87bbe221878f4291eb11602b46dd64e75722bb674c2
win32_fileops OK 544bc0c626e327ed6a3de0f3bf8167e5665142b2e26d712593feb3fc50e478b7
win32_filetime OK 62071a300cb727ceb1b85d19ff2e5338a7c77b094356247b4e0cd27decf93a37
win32_filew OK d57ca85b39caeb6c1502b8c9ceed1a28038542e188df9e5d6557c73d051eb5f8
win32_find OK f1ababc246211b0e87f55526d6bf8275b0b6c70c9db3b68e9f68e6dfc729d30d
win32_findw OK d6ead34ef9d0d3db00eaf6c0d7c0b758672a028546d2b2e68cfaad8523c38e32
win32_formatmessage OK e0ad55e081a179bb8fa0d172596b92d59119f8fbfc44e1ba2e28e0ce0ff60f7b
win32_getproc OK 591da0a9dfb44a3b12a6352bf607e3368c01794bc324ddfc28a1e04536bceda8
win32_gettext SKIP-deffile
win32_glib_batch OK 2ceef2820543743fb52604c99613f221e11238ce4906ae61c04109a4389307d5
win32_glib_batch2 OK 0e69388c8011d6cc52d1fbd7bb822217ec9fc64e578daa8b2a66fe23407bd7fd
win32_misc OK 709fc2ad0928b73cf1f977d04f47bbb3a179735a9f722372433ac21e898bc6f3
win32_misc_k32 SKIP-nodisplay
win32_misc_tail SKIP-nodisplay
win32_mmap OK 0004f29111cb2486e0fe4fffa061bb20d5c4e9fa6da061d4e1f77a08e83d767d
win32_ntdelay BUILD-FAIL
win32_ntdir BUILD-FAIL
win32_ntenum BUILD-FAIL
win32_ntfile BUILD-FAIL
win32_ntreg BUILD-FAIL
win32_ntvm BUILD-FAIL
win32_pathcombine OK 08116b6972dccaaaaaf41d281e5557b5a997b4b82b84915c4dfaa0ba4de2a73b
win32_pathexists OK 13c769124b551e54f1e83aa96d914bcaf44b4e408af8ee8cf01170c4f2a8c059
win32_pathfile OK 094252d4bf0e1ac849d14ee89f31b9609f60dbb6a4a17b48493460371ba2832f
win32_pathparts OK e24b7540a92b66be8a8757f00a97fbcb77ed4b3e33652f8c5faf08f101ee5744
win32_pathroot OK e01569445f752b4f2930d0c111a3f6edc13d06eaf73f9d59988109ae7a837cf0
win32_pipe OK 661cf745f7a34b32d87ca0e35be481aed60fd0a8ca00235546b2886047487612
win32_printer_tail SKIP-nodisplay
win32_proc OK 3b1b3b98338db9f3abc0a0b87c1935664a80cc4e71df949f84fbfaf8d036ff23
win32_procinfo OK 3310f529fe7170b4ac5de333bf26307f82b72f2359c70b47c92092a3586e86dc
win32_procintro OK 4a06fed68610f33356e446b70340f8f42758bb6c7e9b67ab39139a5235526f5d
win32_procpolicy OK 6b0bc3550bce647be5b0f1cd42504d046a0a0019f93ba312cb9d49beb213046c
win32_procver_cursor SKIP-nodisplay
win32_registry SKIP-nodisplay
win32_rtlpntreg SKIP-deffile
win32_shellpidl OK e6469b6b9468c34e7892d6327eb0ea9416b3bc9f3838243108109d355ebb84ab
win32_signal OK 4803f2b55224dec37ad0205fdcad1521c249d9a8adb006df1d77b05a9f8dfd95
win32_socle_comctl1 SKIP-gui
win32_socle_comctl2 SKIP-gui
win32_socle_comctl3 OK f14e52e47bd28559b9319809853dafe3fc7d15288b0b94fa23f4b924fc6172cf
win32_socle_comctl4 SKIP-gui
win32_socle_comctl5 SKIP-gui
win32_socle_comctl6 OK 46934fe95d34e0f65a3205b7a2d041eb385bf475dfc9b4d2cb559f97d20f94a9
win32_socle_comctl7 OK 9aa00b53ce9af73de3e45bba8271c5d1fc134962e4826970ac5785d040dc5692
win32_socle_comctl8 OK 7f84aaaf5e867e6846741e9f41c6852324f023dee70e52cd03b3b50b23a27adc
win32_socle_comctl9 OK 0390f759cccb5d810be33c04ad88421cd8344b41848450acbc7a64849a646377
win32_socle_harden SKIP-gui
win32_tempfile OK db975b825b50698d64db5f4ec5c298c3fa20aa4f8946b4a15f8883fc0c953684
win32_thread_tail SKIP-nodisplay
win32_unhandledfilter OK ba43dcb709b52af50ecdf6ff2ac10449238702599719b1096d1c310aabe3a0ba
win32_username OK 820251beaed954023c399e802c05648c8c337999196cfc76dbfeed14fa57ed32
win32_veh OK 741ca5515b9ccaaafe0b48a32398cef060ca2e5e2b4778a8232eacd57068c13b
win32_verquery OK 677cb45a13f922da99550816a4591cfe12d0e7a30e48c11abc599f4156a83f44
win32_version_dostime OK 01525d1f0ccd7358a1bab4cc43c3563de1a6c84994a71bfc14dac4ee8b072fea
win32_wfs OK 6374942de295c48a9f713af3074ccfe3420f18e914a45a13d6d3178f7a71c850
win32_winsock BUILD-FAIL
win32_winsock_dns BUILD-FAIL
win32_wsaevent BUILD-FAIL
win32_wvolpath OK 974d63b5fb784299c183d44185908e64dc824566d30367be9f4392988d8bddb0
win_classfont SKIP-gui
win_collate OK 5713a1f86005eeee11e3c175b89d015152a3cf09d29cc67802eb1dbea85ae2ab
win_cp1252 BUILD-FAIL
win_cp1252_rev BUILD-FAIL
win_cp437 BUILD-FAIL
win_ini SKIP-nodisplay
win_lasttail SKIP-nodisplay
win_locale SKIP-nodisplay
win_misc SKIP-gui
win_rect SKIP-nodisplay
win_sid SKIP-nodisplay
win_smallshims OK 42fb19ada49f36a5524d17146270d0564d604c9d87b5f8ed8dae269665dc17a6
win_timechar SKIP-gui
x87_fcom_runtime SKIP-gcc-only
x87_round SKIP-gcc-only
x87_transcendental SKIP-gcc-only
x87_trig SKIP-gcc-only
